[完全検証 E=11 turn=54 手番=白] 形状 0..246608 / 全 246608
  ★反例形状 #17509 (白 が勝てる):
    1 2 2 1 
    0 0 0 2 
    0 0 0 2 
    0 0 0 1 
  ★反例形状 #17510 (白 が勝てる):
    2 1 2 1 
    0 0 0 2 
    0 0 0 2 
    0 0 0 1 
  ★反例形状 #17511 (白 が勝てる):
    2 2 1 1 
    0 0 0 2 
    0 0 0 2 
    0 0 0 1 
  ★反例形状 #17641 (白 が勝てる):
    0 0 0 2 
    1 2 2 1 
    0 0 0 2 
    0 0 0 1 
  ★反例形状 #17687 (白 が勝てる):
    0 0 0 2 
    2 1 2 1 
    0 0 0 2 
    0 0 0 1 
[完全検証 E=11 filter=0] 検証形状 246608 / 白勝ち形状 288 / 黒勝ち形状 0  (313.3 秒, 1774597834 ノード)
   [交差] 交差あり 15056 (反例 288) / 交差なし 231552 (反例 0)
   [全空き H4 ラインの本数別 反例/形状] 0本:0/163144 1本:0/67680 2本:288/14520 3本:0/1264 
