[完全検証 E=15 turn=50 手番=白] 形状 0..124192 / 全 124192
  ★反例形状 #992 (白 が勝てる):
    2 1 4 1 
    0 0 2 2 
    0 0 0 2 
    0 0 0 1 
  ★反例形状 #993 (白 が勝てる):
    2 4 1 1 
    0 0 2 2 
    0 0 0 2 
    0 0 0 1 
  ★反例形状 #994 (白 が勝てる):
    4 2 1 1 
    0 0 2 2 
    0 0 0 2 
    0 0 0 1 
  ★反例形状 #995 (白 が勝てる):
    1 2 2 1 
    0 0 4 2 
    0 0 0 2 
    0 0 0 1 
  ★反例形状 #996 (白 が勝てる):
    2 1 2 1 
    0 0 4 2 
    0 0 0 2 
    0 0 0 1 
[完全検証 E=15 filter=0] 検証形状 124192 / 白勝ち形状 15392 / 黒勝ち形状 0  (3609.1 秒, 36005419635 ノード)
   [交差] 交差あり 69440 (反例 15392) / 交差なし 54752 (反例 0)
   [全空き H4 ラインの本数別 反例/形状] 0本:0/26976 1本:0/27776 2本:9312/49376 3本:6080/17520 4本:0/432 5本:0/1696 6本:0/416 
