[完全検証 E=13 turn=52 手番=白] 形状 0..240656 / 全 240656
  ★反例形状 #7958 (白 が勝てる):
    2 1 4 1 
    0 0 0 2 
    0 0 0 2 
    0 0 0 1 
  ★反例形状 #7959 (白 が勝てる):
    2 4 1 1 
    0 0 0 2 
    0 0 0 2 
    0 0 0 1 
  ★反例形状 #7960 (白 が勝てる):
    4 2 1 1 
    0 0 0 2 
    0 0 0 2 
    0 0 0 1 
  ★反例形状 #7973 (白 が勝てる):
    1 2 2 1 
    0 0 2 2 
    0 0 0 2 
    0 0 0 1 
  ★反例形状 #7974 (白 が勝てる):
    2 1 2 1 
    0 0 2 2 
    0 0 0 2 
    0 0 0 1 
[完全検証 E=13 filter=0] 検証形状 240656 / 白勝ち形状 4296 / 黒勝ち形状 0  (990.4 秒, 9396111883 ノード)
   [交差] 交差あり 46632 (反例 4296) / 交差なし 194024 (反例 0)
   [全空き H4 ラインの本数別 反例/形状] 0本:0/109944 1本:0/82624 2本:3072/40272 3本:1224/7672 4本:0/24 5本:0/96 6本:0/24 
